// Jest Snapshot v1, https://goo.gl/fbAQLP

exports[`Snacks Card Component renders consistently 1`] = `
<div
  className="col-lg-4 col-md-2 col-sm-2 card"
  sm="6"
>
  <div
    className="card-body"
  >
    <h5
      className="card-title"
    >
      Pork Rinds
    </h5>
    <h6
      className="card-subtitle"
    >
      $
      8
    </h6>
  </div>
  <img
    alt="Card image cap"
    className="card-img"
    id="card_img"
    src="https://az808821.vo.msecnd.net/content/images/thumbs/0000398_salt-pepper-pork-rinds-2-oz_560.jpeg"
    width="100%"
  />
  <div
    className="card-body"
  >
    <p
      className="card-text"
    >
      Mauris lacinia sapien quis libero. Nam dui. Proin leo odio, porttitor id, consequat in, consequat ut, nulla. Sed accumsan felis.
    </p>
    <a
      href="/snack/1"
      onClick={[Function]}
    >
      <button
        className="btn btn-secondary btn-lg btn-block"
        onClick={[Function]}
        type={undefined}
      >
        More Info
      </button>
    </a>
  </div>
</div>
`;
